// Jest Snapshot v1, https://goo.gl/fbAQLP

exports[`CLI Executer runs enquirer options 1`] = `
Array [
  Array [
    Array [],
    Array [
      "--config",
      "test1",
      "--entry",
      "test2",
      "--progress",
    ],
  ],
]
`;

exports[`CLI Executer runs enquirer options 2`] = `
Array [
  "--entry: The entry point of your application.",
  "--config: Provide path to a webpack configuration file",
  "--merge: Merge a configuration file using webpack-merge",
  "--progress: Print compilation progress during build",
  "--silent: Disable any output that webpack makes",
  "--help: Outputs list of supported flags",
  "--defaults: Allow webpack to set defaults aggresively",
  "--output: Output location of the file generated by webpack",
  "--plugin: Load a given plugin",
  "--global: Declares and exposes a global variable",
  "--target: Sets the build target",
  "--watch: Watch for files changes",
  "--hot: Enables Hot Module Replacement",
  "--sourcemap: Determine source maps to use",
  "--prefetch: Prefetch this request",
  "--json: Prints result as JSON",
  "--standard: Prints standard output",
  "--dev: Run development build",
  "--prod: Run production build",
  "--mode: Defines the mode to pass to webpack",
  "--version: Get current version",
  "--node-args: NodeJS flags",
]
`;

exports[`CLI Executer runs enquirer options 3`] = `
Array [
  Object {
    "initial": null,
    "message": "Enter value of the --config flag",
    "name": "value",
    "result": [Function],
  },
  Object {
    "initial": null,
    "message": "Enter value of the --entry flag",
    "name": "value",
    "result": [Function],
  },
]
`;
